
╔═══════════════════════════════════════════════════════════╗
║                                                           ║
║              🌙 BAUDAGAIN BBS - GOODBYE 🌙                ║
║                                                           ║
╠═══════════════════════════════════════════════════════════╣
║                                                           ║
║   The system is shutting down for maintenance...         ║
║                                                           ║
║   Thank you for calling BaudAgain BBS!                   ║
║   We hope to see you again soon.                         ║
║                                                           ║
║   Stay retro. Stay connected.                            ║
║                                                           ║
╚═══════════════════════════════════════════════════════════╝

